// Jest Snapshot v1, https://goo.gl/fbAQLP

exports[`Render PrivateRoute with authorization 1`] = `null`;
