// Jest Snapshot v1, https://goo.gl/fbAQLP

exports[`Render MyList 1`] = `
<div
  className="user-page"
>
  <header
    className="page-header user-page__head"
  >
    <div
      className="logo"
    >
      <a
        className="logo__link"
        href="/"
        onClick={[Function]}
      >
        <span
          className="logo__letter logo__letter--1"
        >
          W
        </span>
        <span
          className="logo__letter logo__letter--2"
        >
          T
        </span>
        <span
          className="logo__letter logo__letter--3"
        >
          W
        </span>
      </a>
    </div>
    <h1
      className="page-title user-page__title"
    >
      My list
    </h1>
    <div
      className="user-block"
    >
      <div
        className="user-block__avatar"
      >
        <a
          href="/mylist"
          onClick={[Function]}
        >
          <img
            alt="User avatar"
            height="63"
            src="https://htmlacademy-react-3.appspot.com/img/1.png"
            width="63"
          />
        </a>
      </div>
    </div>
  </header>
  <section
    className="catalog"
  >
    <h2
      className="catalog__title visually-hidden"
    >
      Catalog
    </h2>
    <div
      className="catalog__movies-list"
    >
      <article
        className="small-movie-card catalog__movies-card"
        onMouseOut={[Function]}
        onMouseOver={[Function]}
      >
        <div
          className="small-movie-card__image"
          onClick={[Function]}
        >
          <img
            alt="film1"
            height="175"
            src="img/the-grand-budapest-hotel.jpg"
            width="280"
          />
        </div>
        <h3
          className="small-movie-card__title"
        >
          <a
            className="small-movie-card__link"
            href="movie-page.html"
            onClick={[Function]}
          >
            film1
          </a>
        </h3>
      </article>
      <article
        className="small-movie-card catalog__movies-card"
        onMouseOut={[Function]}
        onMouseOver={[Function]}
      >
        <div
          className="small-movie-card__image"
          onClick={[Function]}
        >
          <img
            alt="film2"
            height="175"
            src="img/the-grand-budapest-hotel.jpg"
            width="280"
          />
        </div>
        <h3
          className="small-movie-card__title"
        >
          <a
            className="small-movie-card__link"
            href="movie-page.html"
            onClick={[Function]}
          >
            film2
          </a>
        </h3>
      </article>
      <article
        className="small-movie-card catalog__movies-card"
        onMouseOut={[Function]}
        onMouseOver={[Function]}
      >
        <div
          className="small-movie-card__image"
          onClick={[Function]}
        >
          <img
            alt="film3"
            height="175"
            src="img/the-grand-budapest-hotel.jpg"
            width="280"
          />
        </div>
        <h3
          className="small-movie-card__title"
        >
          <a
            className="small-movie-card__link"
            href="movie-page.html"
            onClick={[Function]}
          >
            film3
          </a>
        </h3>
      </article>
      <article
        className="small-movie-card catalog__movies-card"
        onMouseOut={[Function]}
        onMouseOver={[Function]}
      >
        <div
          className="small-movie-card__image"
          onClick={[Function]}
        >
          <img
            alt="film4"
            height="175"
            src="img/the-grand-budapest-hotel.jpg"
            width="280"
          />
        </div>
        <h3
          className="small-movie-card__title"
        >
          <a
            className="small-movie-card__link"
            href="movie-page.html"
            onClick={[Function]}
          >
            film4
          </a>
        </h3>
      </article>
      <article
        className="small-movie-card catalog__movies-card"
        onMouseOut={[Function]}
        onMouseOver={[Function]}
      >
        <div
          className="small-movie-card__image"
          onClick={[Function]}
        >
          <img
            alt="film5"
            height="175"
            src="img/the-grand-budapest-hotel.jpg"
            width="280"
          />
        </div>
        <h3
          className="small-movie-card__title"
        >
          <a
            className="small-movie-card__link"
            href="movie-page.html"
            onClick={[Function]}
          >
            film5
          </a>
        </h3>
      </article>
      <article
        className="small-movie-card catalog__movies-card"
        onMouseOut={[Function]}
        onMouseOver={[Function]}
      >
        <div
          className="small-movie-card__image"
          onClick={[Function]}
        >
          <img
            alt="film6"
            height="175"
            src="img/the-grand-budapest-hotel.jpg"
            width="280"
          />
        </div>
        <h3
          className="small-movie-card__title"
        >
          <a
            className="small-movie-card__link"
            href="movie-page.html"
            onClick={[Function]}
          >
            film6
          </a>
        </h3>
      </article>
    </div>
  </section>
  <footer
    className="page-footer"
  >
    <div
      className="logo"
    >
      <a
        className="logo__link logo__link--light"
        href="/"
        onClick={[Function]}
      >
        <span
          className="logo__letter logo__letter--1"
        >
          W
        </span>
        <span
          className="logo__letter logo__letter--2"
        >
          T
        </span>
        <span
          className="logo__letter logo__letter--3"
        >
          W
        </span>
      </a>
    </div>
    <div
      className="copyright"
    >
      <p>
        Â© 2019 What to watch Ltd.
      </p>
    </div>
  </footer>
</div>
`;
