// Jest Snapshot v1, https://goo.gl/fbAQLP

exports[`withActiveSmallCard is rendered correctly 1`] = `<div />`;
