// Jest Snapshot v1, https://goo.gl/fbAQLP

exports[`withActiveTab is rendered correctly 1`] = `<div />`;
